[www.latitudhoteles.com/pt/reservas/index.html]
[www.latitudhoteles.com/files-sbbasic/ba_latitudes_br/logo/_logo-img_hotel-latitud-hoteles-brazil.png]
[www.latitudhoteles.com/files-sbbasic/ba_latitudes_br/logo/favicon.png]
[www.latitudhoteles.com/files-sbbasic/ba_latitudes_br/logo/_hotel-latitud-hoteles-brazil.png]
[backblue.gif]
[fade.gif]
[index.html]
[www.latitudhoteles.com/files/img/mondrian/textures-bw-05.jpg]
[www.latitudhoteles.com/files/img/mondrian/sprite-icons.png]
[www.latitudhoteles.com/files/img/mondrian/sprite-flags.png]
[www.latitudhoteles.com/files/img/mondrian/photoswipe/default-skin/default-skin.png]
[www.latitudhoteles.com/files/img/mondrian/photoswipe/default-skin/preloader.gif]
[ajax.googleapis.com/ajax/libs/jquery/1.11.2/jquery.min.js]
[unpkg.com/ba-js-rt@2.0.4/lib/rt.js]
[unpkg.com/ba-js-ga-adapter@0.0.9/dist/ba-js-ga-adapter.umd.js]
[www.latitudhoteles.com/files-sbbasic/ba_latitudes_br/logo/_logo-xs_hotel-latitud-hoteles-brazil.png]
[www.latitudhoteles.com/files-sbbasic/ba_latitudes_br/logo/_logo-sm_hotel-latitud-hoteles-brazil.png]
[www.bookassist.com/cb/images/logos/verisign.gif]
[www.bookassist.com/cb/images/logos/pci.gif]
[unpkg.com/ba-js-cookie-banner@3.0.3/dist/ba-js-cookie-banner.umd.js]
[d3l592tomi1h4y.cloudfront.net/jquery.ui/1.12.1.custom/jquery-ui.min.js]
[d3l592tomi1h4y.cloudfront.net/bootstrap/3.0.3/js/bootstrap.min.js]
[d3l592tomi1h4y.cloudfront.net/jquery.validation/1.11.1/dist/jquery.validate.min.js]
[d3l592tomi1h4y.cloudfront.net/jquery.validation/1.11.1/localization/messages_pt.js]
[d3l592tomi1h4y.cloudfront.net/BigInteger.js-master/BigInteger.min.js]
[www.latitudhoteles.com/mondrian/js-plugins.min5e1f.js]
[www.latitudhoteles.com/shared-styles-templates/content-blocks-vimeoc619.js]
[www.latitudhoteles.com/files/img/pix.gif]
[d3l592tomi1h4y.cloudfront.net/font-awesome-bookassist/last/stylesheet.min.css]
[d3l592tomi1h4y.cloudfront.net/font-awesome-utilities-bookassist/last/stylesheet.min.css]
[www.latitudhoteles.com/pt/reservas/index.html]
[www.latitudhoteles.com/pt/reservas/images/ui-icons_444444_256x240.html]
[www.latitudhoteles.com/pt/reservas/images/ui-icons_555555_256x240.html]
[www.latitudhoteles.com/pt/reservas/images/ui-icons_ffffff_256x240.html]
[www.latitudhoteles.com/pt/reservas/images/ui-icons_777620_256x240.html]
[www.latitudhoteles.com/pt/reservas/images/ui-icons_cc0000_256x240.html]
[www.latitudhoteles.com/pt/reservas/images/ui-icons_777777_256x240.html]
[d3l592tomi1h4y.cloudfront.net/piconsthin-bookassist/last/stylesheet.min.css]
[d3l592tomi1h4y.cloudfront.net/bootstrap/3.0.3/js/bootstrap.min.js]
[d3l592tomi1h4y.cloudfront.net/jquery.validation/1.11.1/dist/jquery.validate.min.js]
[d3l592tomi1h4y.cloudfront.net/jquery.validation/1.11.1/localization/messages_pt.js]
[d3l592tomi1h4y.cloudfront.net/font-awesome-bookassist/last/stylesheet.min.css]
[d3l592tomi1h4y.cloudfront.net/font-awesome-utilities-bookassist/last/stylesheet.min.css]
[d3l592tomi1h4y.cloudfront.net/piconsthin-bookassist/last/stylesheet.min.css]
[www.latitudhoteles.com/pt/reservas/Popover requires tooltip.html]
